    Finished `dev` profile [unoptimized + debuginfo] target(s) in 0.21s
     Running `target/debug/wm`
[2m2026-04-07T02:01:51.210387Z[0m [32m INFO[0m Connecting to X11...
[2m2026-04-07T02:01:51.216348Z[0m [33m WARN[0m IPC not available, running standalone [3merror[0m[2m=[0mIO error: No such file or directory (os error 2)
[2m2026-04-07T02:01:51.216524Z[0m [32m INFO[0m Registered default hotkeys
[2m2026-04-07T02:01:51.216770Z[0m [32m INFO[0m Registered as window manager
[2m2026-04-07T02:01:51.216991Z[0m [32m INFO[0m Grabbed default hotkeys
[2m2026-04-07T02:01:51.217171Z[0m [32m INFO[0m Window Manager iniciado com 4 workspaces
[2m2026-04-07T02:02:02.290297Z[0m [32m INFO[0m MapRequest received [3mwindow_id[0m[2m=[0mWindowId(4194308)
[2m2026-04-07T02:02:02.291988Z[0m [32m INFO[0m Window managed successfully [3mwindow_id[0m[2m=[0mWindowId(4194308) [3mgeometry[0m[2m=[0mRectangle { position: Position { x: 140, y: 60 }, size: Size { width: 800, height: 600 } }
[2m2026-04-07T02:02:03.082226Z[0m [32m INFO[0m MapRequest received [3mwindow_id[0m[2m=[0mWindowId(14680068)
[2m2026-04-07T02:02:03.082302Z[0m [32m INFO[0m Window managed successfully [3mwindow_id[0m[2m=[0mWindowId(14680068) [3mgeometry[0m[2m=[0mRectangle { position: Position { x: 0, y: 0 }, size: Size { width: 800, height: 600 } }
[2m2026-04-07T02:02:06.927111Z[0m [32m INFO[0m 🖱️ ButtonPress received [3mchild[0m[2m=[0m0 [3mevent_window[0m[2m=[0m4194308 [3mbutton[0m[2m=[0m1 [3mmodifiers[0m[2m=[0m(empty) [3mroot_x[0m[2m=[0m824 [3mroot_y[0m[2m=[0m300
[2m2026-04-07T02:02:06.927166Z[0m [32m INFO[0m Window focused [3mwindow_id[0m[2m=[0mWindowId(4194308)
[2m2026-04-07T02:02:06.927193Z[0m [32m INFO[0m Window raised to top [3mwindow_id[0m[2m=[0mWindowId(4194308)
[2m2026-04-07T02:02:07.220045Z[0m [32m INFO[0m 🖱️ ButtonPress received [3mchild[0m[2m=[0m0 [3mevent_window[0m[2m=[0m4194308 [3mbutton[0m[2m=[0m1 [3mmodifiers[0m[2m=[0m(empty) [3mroot_x[0m[2m=[0m824 [3mroot_y[0m[2m=[0m300
[2m2026-04-07T02:02:07.220100Z[0m [32m INFO[0m Window focused [3mwindow_id[0m[2m=[0mWindowId(4194308)
[2m2026-04-07T02:02:07.220112Z[0m [32m INFO[0m Window raised to top [3mwindow_id[0m[2m=[0mWindowId(4194308)
[2m2026-04-07T02:02:07.416631Z[0m [32m INFO[0m 🖱️ ButtonPress received [3mchild[0m[2m=[0m0 [3mevent_window[0m[2m=[0m4194308 [3mbutton[0m[2m=[0m1 [3mmodifiers[0m[2m=[0m(empty) [3mroot_x[0m[2m=[0m824 [3mroot_y[0m[2m=[0m300
[2m2026-04-07T02:02:07.416703Z[0m [32m INFO[0m Window focused [3mwindow_id[0m[2m=[0mWindowId(4194308)
[2m2026-04-07T02:02:07.416715Z[0m [32m INFO[0m Window raised to top [3mwindow_id[0m[2m=[0mWindowId(4194308)
[2m2026-04-07T02:02:08.252940Z[0m [32m INFO[0m 🖱️ ButtonPress received [3mchild[0m[2m=[0m0 [3mevent_window[0m[2m=[0m4194308 [3mbutton[0m[2m=[0m1 [3mmodifiers[0m[2m=[0m(empty) [3mroot_x[0m[2m=[0m619 [3mroot_y[0m[2m=[0m260
[2m2026-04-07T02:02:08.252997Z[0m [32m INFO[0m Window focused [3mwindow_id[0m[2m=[0mWindowId(4194308)
[2m2026-04-07T02:02:08.253018Z[0m [32m INFO[0m Window raised to top [3mwindow_id[0m[2m=[0mWindowId(4194308)
[2m2026-04-07T02:02:09.516279Z[0m [32m INFO[0m 🖱️ ButtonPress received [3mchild[0m[2m=[0m0 [3mevent_window[0m[2m=[0m4194308 [3mbutton[0m[2m=[0m1 [3mmodifiers[0m[2m=[0m(empty) [3mroot_x[0m[2m=[0m898 [3mroot_y[0m[2m=[0m147
[2m2026-04-07T02:02:09.516334Z[0m [32m INFO[0m Window focused [3mwindow_id[0m[2m=[0mWindowId(4194308)
[2m2026-04-07T02:02:09.516346Z[0m [32m INFO[0m Window raised to top [3mwindow_id[0m[2m=[0mWindowId(4194308)
[2m2026-04-07T02:02:12.478560Z[0m [32m INFO[0m 🖱️ ButtonPress received [3mchild[0m[2m=[0m0 [3mevent_window[0m[2m=[0m14680068 [3mbutton[0m[2m=[0m1 [3mmodifiers[0m[2m=[0m(empty) [3mroot_x[0m[2m=[0m61 [3mroot_y[0m[2m=[0m257
[2m2026-04-07T02:02:12.478613Z[0m [32m INFO[0m Window focused [3mwindow_id[0m[2m=[0mWindowId(14680068)
[2m2026-04-07T02:02:12.478625Z[0m [32m INFO[0m Window raised to top [3mwindow_id[0m[2m=[0mWindowId(14680068)
[2m2026-04-07T02:02:15.006772Z[0m [32m INFO[0m 🖱️ ButtonPress received [3mchild[0m[2m=[0m0 [3mevent_window[0m[2m=[0m4194308 [3mbutton[0m[2m=[0m1 [3mmodifiers[0m[2m=[0m(empty) [3mroot_x[0m[2m=[0m924 [3mroot_y[0m[2m=[0m163
[2m2026-04-07T02:02:15.006828Z[0m [32m INFO[0m Window focused [3mwindow_id[0m[2m=[0mWindowId(4194308)
[2m2026-04-07T02:02:15.006840Z[0m [32m INFO[0m Window raised to top [3mwindow_id[0m[2m=[0mWindowId(4194308)
[2m2026-04-07T02:02:16.311490Z[0m [32m INFO[0m 🖱️ ButtonPress received [3mchild[0m[2m=[0m0 [3mevent_window[0m[2m=[0m14680068 [3mbutton[0m[2m=[0m1 [3mmodifiers[0m[2m=[0m(empty) [3mroot_x[0m[2m=[0m96 [3mroot_y[0m[2m=[0m239
[2m2026-04-07T02:02:16.311545Z[0m [32m INFO[0m Window focused [3mwindow_id[0m[2m=[0mWindowId(14680068)
[2m2026-04-07T02:02:16.311556Z[0m [32m INFO[0m Window raised to top [3mwindow_id[0m[2m=[0mWindowId(14680068)
[2m2026-04-07T02:02:17.842065Z[0m [32m INFO[0m 🖱️ ButtonPress received [3mchild[0m[2m=[0m0 [3mevent_window[0m[2m=[0m544 [3mbutton[0m[2m=[0m1 [3mmodifiers[0m[2m=[0m(empty) [3mroot_x[0m[2m=[0m975 [3mroot_y[0m[2m=[0m74
[2m2026-04-07T02:02:19.336772Z[0m [32m INFO[0m 🖱️ ButtonPress received [3mchild[0m[2m=[0m0 [3mevent_window[0m[2m=[0m4194308 [3mbutton[0m[2m=[0m1 [3mmodifiers[0m[2m=[0m(empty) [3mroot_x[0m[2m=[0m839 [3mroot_y[0m[2m=[0m143
[2m2026-04-07T02:02:19.336898Z[0m [32m INFO[0m Window focused [3mwindow_id[0m[2m=[0mWindowId(4194308)
[2m2026-04-07T02:02:19.336911Z[0m [32m INFO[0m Window raised to top [3mwindow_id[0m[2m=[0mWindowId(4194308)
[2m2026-04-07T02:02:22.411091Z[0m [32m INFO[0m 🖱️ ButtonPress received [3mchild[0m[2m=[0m0 [3mevent_window[0m[2m=[0m4194308 [3mbutton[0m[2m=[0m1 [3mmodifiers[0m[2m=[0mMOD4 [3mroot_x[0m[2m=[0m839 [3mroot_y[0m[2m=[0m143
[2m2026-04-07T02:02:22.412502Z[0m [32m INFO[0m Started moving window [3mwindow_id[0m[2m=[0mWindowId(4194308)
[2m2026-04-07T02:02:26.519699Z[0m [32m INFO[0m ⌨️ KeyPress received [3mkeycode[0m[2m=[0m24 [3mmodifiers[0m[2m=[0mMOD4 | BUTTON1
[2m2026-04-07T02:02:28.694636Z[0m [32m INFO[0m ⌨️ KeyPress received [3mkeycode[0m[2m=[0m24 [3mmodifiers[0m[2m=[0mMOD4 | BUTTON1
[2m2026-04-07T02:02:29.245407Z[0m [32m INFO[0m ⌨️ KeyPress received [3mkeycode[0m[2m=[0m24 [3mmodifiers[0m[2m=[0mMOD4 | BUTTON1
[2m2026-04-07T02:02:29.597675Z[0m [32m INFO[0m ⌨️ KeyPress received [3mkeycode[0m[2m=[0m24 [3mmodifiers[0m[2m=[0mMOD4 | BUTTON1
[2m2026-04-07T02:02:29.926787Z[0m [32m INFO[0m ⌨️ KeyPress received [3mkeycode[0m[2m=[0m24 [3mmodifiers[0m[2m=[0mMOD4 | BUTTON1
[2m2026-04-07T02:02:30.252286Z[0m [32m INFO[0m ⌨️ KeyPress received [3mkeycode[0m[2m=[0m24 [3mmodifiers[0m[2m=[0mMOD4 | BUTTON1
[2m2026-04-07T02:02:46.586736Z[0m [32m INFO[0m ⌨️ KeyPress received [3mkeycode[0m[2m=[0m24 [3mmodifiers[0m[2m=[0mMOD4 | BUTTON1
[2m2026-04-07T02:02:47.345575Z[0m [32m INFO[0m ⌨️ KeyPress received [3mkeycode[0m[2m=[0m24 [3mmodifiers[0m[2m=[0mMOD4 | BUTTON1
[2m2026-04-07T02:02:54.135173Z[0m [32m INFO[0m ⌨️ KeyPress received [3mkeycode[0m[2m=[0m24 [3mmodifiers[0m[2m=[0mMOD4 | BUTTON1
[2m2026-04-07T02:02:54.509399Z[0m [32m INFO[0m ⌨️ KeyPress received [3mkeycode[0m[2m=[0m24 [3mmodifiers[0m[2m=[0mMOD4 | BUTTON1
[2m2026-04-07T02:02:54.801707Z[0m [32m INFO[0m ⌨️ KeyPress received [3mkeycode[0m[2m=[0m24 [3mmodifiers[0m[2m=[0mMOD4 | BUTTON1
[2m2026-04-07T02:03:06.658471Z[0m [32m INFO[0m ⌨️ KeyPress received [3mkeycode[0m[2m=[0m24 [3mmodifiers[0m[2m=[0mMOD4 | BUTTON1
[2m2026-04-07T02:03:06.970716Z[0m [32m INFO[0m ⌨️ KeyPress received [3mkeycode[0m[2m=[0m24 [3mmodifiers[0m[2m=[0mMOD4 | BUTTON1
[2m2026-04-07T02:03:07.240901Z[0m [32m INFO[0m ⌨️ KeyPress received [3mkeycode[0m[2m=[0m24 [3mmodifiers[0m[2m=[0mMOD4 | BUTTON1
[2m2026-04-07T02:03:07.564758Z[0m [32m INFO[0m ⌨️ KeyPress received [3mkeycode[0m[2m=[0m24 [3mmodifiers[0m[2m=[0mMOD4 | BUTTON1
[2m2026-04-07T02:03:07.994318Z[0m [32m INFO[0m ⌨️ KeyPress received [3mkeycode[0m[2m=[0m24 [3mmodifiers[0m[2m=[0mMOD4 | BUTTON1
[2m2026-04-07T02:03:08.494789Z[0m [32m INFO[0m ⌨️ KeyPress received [3mkeycode[0m[2m=[0m24 [3mmodifiers[0m[2m=[0mMOD4 | BUTTON1
[2m2026-04-07T02:03:08.544663Z[0m [32m INFO[0m ⌨️ KeyPress received [3mkeycode[0m[2m=[0m24 [3mmodifiers[0m[2m=[0mMOD4 | BUTTON1
[2m2026-04-07T02:03:08.594401Z[0m [32m INFO[0m ⌨️ KeyPress received [3mkeycode[0m[2m=[0m24 [3mmodifiers[0m[2m=[0mMOD4 | BUTTON1
[2m2026-04-07T02:03:08.644471Z[0m [32m INFO[0m ⌨️ KeyPress received [3mkeycode[0m[2m=[0m24 [3mmodifiers[0m[2m=[0mMOD4 | BUTTON1
[2m2026-04-07T02:03:08.695180Z[0m [32m INFO[0m ⌨️ KeyPress received [3mkeycode[0m[2m=[0m24 [3mmodifiers[0m[2m=[0mMOD4 | BUTTON1
[2m2026-04-07T02:03:08.745722Z[0m [32m INFO[0m ⌨️ KeyPress received [3mkeycode[0m[2m=[0m24 [3mmodifiers[0m[2m=[0mMOD4 | BUTTON1
[2m2026-04-07T02:03:08.795968Z[0m [32m INFO[0m ⌨️ KeyPress received [3mkeycode[0m[2m=[0m24 [3mmodifiers[0m[2m=[0mMOD4 | BUTTON1
[2m2026-04-07T02:03:08.845697Z[0m [32m INFO[0m ⌨️ KeyPress received [3mkeycode[0m[2m=[0m24 [3mmodifiers[0m[2m=[0mMOD4 | BUTTON1
[2m2026-04-07T02:03:10.879601Z[0m [32m INFO[0m ⌨️ KeyPress received [3mkeycode[0m[2m=[0m24 [3mmodifiers[0m[2m=[0mMOD4 | BUTTON1
[2m2026-04-07T02:03:11.178420Z[0m [32m INFO[0m ⌨️ KeyPress received [3mkeycode[0m[2m=[0m24 [3mmodifiers[0m[2m=[0mMOD4 | BUTTON1
[2m2026-04-07T02:03:11.441654Z[0m [32m INFO[0m ⌨️ KeyPress received [3mkeycode[0m[2m=[0m24 [3mmodifiers[0m[2m=[0mMOD4 | BUTTON1
[2m2026-04-07T02:03:11.668029Z[0m [32m INFO[0m ⌨️ KeyPress received [3mkeycode[0m[2m=[0m24 [3mmodifiers[0m[2m=[0mMOD4 | BUTTON1
[2m2026-04-07T02:03:11.909349Z[0m [32m INFO[0m ⌨️ KeyPress received [3mkeycode[0m[2m=[0m24 [3mmodifiers[0m[2m=[0mMOD4 | BUTTON1
[2m2026-04-07T02:03:12.151853Z[0m [32m INFO[0m ⌨️ KeyPress received [3mkeycode[0m[2m=[0m24 [3mmodifiers[0m[2m=[0mMOD4 | BUTTON1
[2m2026-04-07T02:03:12.388148Z[0m [32m INFO[0m ⌨️ KeyPress received [3mkeycode[0m[2m=[0m24 [3mmodifiers[0m[2m=[0mMOD4 | BUTTON1
[2m2026-04-07T02:03:12.691655Z[0m [32m INFO[0m ⌨️ KeyPress received [3mkeycode[0m[2m=[0m24 [3mmodifiers[0m[2m=[0mMOD4 | BUTTON1
[2m2026-04-07T02:03:12.934734Z[0m [32m INFO[0m ⌨️ KeyPress received [3mkeycode[0m[2m=[0m24 [3mmodifiers[0m[2m=[0mMOD4 | BUTTON1
[2m2026-04-07T02:03:13.169806Z[0m [32m INFO[0m ⌨️ KeyPress received [3mkeycode[0m[2m=[0m24 [3mmodifiers[0m[2m=[0mMOD4 | BUTTON1
[2m2026-04-07T02:03:13.429582Z[0m [32m INFO[0m ⌨️ KeyPress received [3mkeycode[0m[2m=[0m24 [3mmodifiers[0m[2m=[0mMOD4 | BUTTON1
[2m2026-04-07T02:03:14.750215Z[0m [32m INFO[0m ⌨️ KeyPress received [3mkeycode[0m[2m=[0m41 [3mmodifiers[0m[2m=[0mMOD4 | BUTTON1
[2m2026-04-07T02:03:15.101729Z[0m [32m INFO[0m ⌨️ KeyPress received [3mkeycode[0m[2m=[0m41 [3mmodifiers[0m[2m=[0mMOD4 | BUTTON1
[2m2026-04-07T02:03:15.333054Z[0m [32m INFO[0m ⌨️ KeyPress received [3mkeycode[0m[2m=[0m41 [3mmodifiers[0m[2m=[0mMOD4 | BUTTON1
[2m2026-04-07T02:03:15.581595Z[0m [32m INFO[0m ⌨️ KeyPress received [3mkeycode[0m[2m=[0m41 [3mmodifiers[0m[2m=[0mMOD4 | BUTTON1
[2m2026-04-07T02:03:15.855650Z[0m [32m INFO[0m ⌨️ KeyPress received [3mkeycode[0m[2m=[0m41 [3mmodifiers[0m[2m=[0mMOD4 | BUTTON1
[2m2026-04-07T02:03:16.062055Z[0m [32m INFO[0m ⌨️ KeyPress received [3mkeycode[0m[2m=[0m41 [3mmodifiers[0m[2m=[0mMOD4 | BUTTON1
[2m2026-04-07T02:03:23.401604Z[0m [33m WARN[0m Failed to unmanage window [3mwindow_id[0m[2m=[0mWindowId(6291456) [3merror[0m[2m=[0mWindow WindowId(6291456) not found
[2m2026-04-07T02:03:23.404544Z[0m [33m WARN[0m Failed to unmanage window [3mwindow_id[0m[2m=[0mWindowId(10485760) [3merror[0m[2m=[0mWindow WindowId(10485760) not found
[2m2026-04-07T02:03:23.404571Z[0m [33m WARN[0m Failed to unmanage window [3mwindow_id[0m[2m=[0mWindowId(12582912) [3merror[0m[2m=[0mWindow WindowId(12582912) not found
[2m2026-04-07T02:03:23.404582Z[0m [33m WARN[0m Failed to unmanage window [3mwindow_id[0m[2m=[0mWindowId(8388608) [3merror[0m[2m=[0mWindow WindowId(8388608) not found
[2m2026-04-07T02:03:23.404601Z[0m [32m INFO[0m 🖱️ ButtonPress received [3mchild[0m[2m=[0m0 [3mevent_window[0m[2m=[0m544 [3mbutton[0m[2m=[0m1 [3mmodifiers[0m[2m=[0m(empty) [3mroot_x[0m[2m=[0m399 [3mroot_y[0m[2m=[0m382
[2m2026-04-07T02:03:23.406166Z[0m [32m INFO[0m 🖱️ ButtonPress received [3mchild[0m[2m=[0m0 [3mevent_window[0m[2m=[0m14680068 [3mbutton[0m[2m=[0m1 [3mmodifiers[0m[2m=[0m(empty) [3mroot_x[0m[2m=[0m399 [3mroot_y[0m[2m=[0m382
[2m2026-04-07T02:03:23.406194Z[0m [32m INFO[0m Window focused [3mwindow_id[0m[2m=[0mWindowId(14680068)
[2m2026-04-07T02:03:23.406205Z[0m [32m INFO[0m Window raised to top [3mwindow_id[0m[2m=[0mWindowId(14680068)
[2m2026-04-07T02:03:23.407219Z[0m [33m WARN[0m Failed to unmanage window [3mwindow_id[0m[2m=[0mWindowId(4194308) [3merror[0m[2m=[0mWindow WindowId(4194308) not found
[2m2026-04-07T02:03:23.413215Z[0m [32m INFO[0m 🖱️ ButtonPress received [3mchild[0m[2m=[0m0 [3mevent_window[0m[2m=[0m544 [3mbutton[0m[2m=[0m1 [3mmodifiers[0m[2m=[0m(empty) [3mroot_x[0m[2m=[0m399 [3mroot_y[0m[2m=[0m382
[2m2026-04-07T02:03:23.413237Z[0m [32m INFO[0m 🖱️ ButtonPress received [3mchild[0m[2m=[0m0 [3mevent_window[0m[2m=[0m544 [3mbutton[0m[2m=[0m1 [3mmodifiers[0m[2m=[0m(empty) [3mroot_x[0m[2m=[0m399 [3mroot_y[0m[2m=[0m382
[2m2026-04-07T02:03:23.413249Z[0m [32m INFO[0m 🖱️ ButtonPress received [3mchild[0m[2m=[0m0 [3mevent_window[0m[2m=[0m544 [3mbutton[0m[2m=[0m1 [3mmodifiers[0m[2m=[0m(empty) [3mroot_x[0m[2m=[0m399 [3mroot_y[0m[2m=[0m382
[2m2026-04-07T02:03:23.413268Z[0m [32m INFO[0m 🖱️ ButtonPress received [3mchild[0m[2m=[0m0 [3mevent_window[0m[2m=[0m544 [3mbutton[0m[2m=[0m1 [3mmodifiers[0m[2m=[0m(empty) [3mroot_x[0m[2m=[0m399 [3mroot_y[0m[2m=[0m382
[2m2026-04-07T02:03:23.413277Z[0m [32m INFO[0m 🖱️ ButtonPress received [3mchild[0m[2m=[0m0 [3mevent_window[0m[2m=[0m544 [3mbutton[0m[2m=[0m1 [3mmodifiers[0m[2m=[0m(empty) [3mroot_x[0m[2m=[0m399 [3mroot_y[0m[2m=[0m382
[2m2026-04-07T02:03:23.413287Z[0m [32m INFO[0m 🖱️ ButtonPress received [3mchild[0m[2m=[0m0 [3mevent_window[0m[2m=[0m14680068 [3mbutton[0m[2m=[0m1 [3mmodifiers[0m[2m=[0m(empty) [3mroot_x[0m[2m=[0m399 [3mroot_y[0m[2m=[0m382
[2m2026-04-07T02:03:23.413303Z[0m [32m INFO[0m Window focused [3mwindow_id[0m[2m=[0mWindowId(14680068)
[2m2026-04-07T02:03:23.413313Z[0m [32m INFO[0m Window raised to top [3mwindow_id[0m[2m=[0mWindowId(14680068)
[2m2026-04-07T02:03:23.413319Z[0m [32m INFO[0m 🖱️ ButtonPress received [3mchild[0m[2m=[0m0 [3mevent_window[0m[2m=[0m14680068 [3mbutton[0m[2m=[0m1 [3mmodifiers[0m[2m=[0m(empty) [3mroot_x[0m[2m=[0m399 [3mroot_y[0m[2m=[0m382
[2m2026-04-07T02:03:23.413332Z[0m [32m INFO[0m Window focused [3mwindow_id[0m[2m=[0mWindowId(14680068)
[2m2026-04-07T02:03:23.413339Z[0m [32m INFO[0m Window raised to top [3mwindow_id[0m[2m=[0mWindowId(14680068)
[2m2026-04-07T02:03:23.419628Z[0m [32m INFO[0m 🖱️ ButtonPress received [3mchild[0m[2m=[0m0 [3mevent_window[0m[2m=[0m14680068 [3mbutton[0m[2m=[0m1 [3mmodifiers[0m[2m=[0m(empty) [3mroot_x[0m[2m=[0m399 [3mroot_y[0m[2m=[0m382
[2m2026-04-07T02:03:23.419658Z[0m [32m INFO[0m Window focused [3mwindow_id[0m[2m=[0mWindowId(14680068)
[2m2026-04-07T02:03:23.419667Z[0m [32m INFO[0m Window raised to top [3mwindow_id[0m[2m=[0mWindowId(14680068)
[2m2026-04-07T02:03:23.419674Z[0m [32m INFO[0m 🖱️ ButtonPress received [3mchild[0m[2m=[0m0 [3mevent_window[0m[2m=[0m14680068 [3mbutton[0m[2m=[0m1 [3mmodifiers[0m[2m=[0m(empty) [3mroot_x[0m[2m=[0m399 [3mroot_y[0m[2m=[0m382
[2m2026-04-07T02:03:23.419687Z[0m [32m INFO[0m Window focused [3mwindow_id[0m[2m=[0mWindowId(14680068)
[2m2026-04-07T02:03:23.419693Z[0m [32m INFO[0m Window raised to top [3mwindow_id[0m[2m=[0mWindowId(14680068)
[2m2026-04-07T02:03:23.419700Z[0m [32m INFO[0m 🖱️ ButtonPress received [3mchild[0m[2m=[0m0 [3mevent_window[0m[2m=[0m14680068 [3mbutton[0m[2m=[0m1 [3mmodifiers[0m[2m=[0m(empty) [3mroot_x[0m[2m=[0m399 [3mroot_y[0m[2m=[0m382
[2m2026-04-07T02:03:23.419712Z[0m [32m INFO[0m Window focused [3mwindow_id[0m[2m=[0mWindowId(14680068)
[2m2026-04-07T02:03:23.419718Z[0m [32m INFO[0m Window raised to top [3mwindow_id[0m[2m=[0mWindowId(14680068)
[2m2026-04-07T02:03:24.508443Z[0m [32m INFO[0m 🖱️ ButtonPress received [3mchild[0m[2m=[0m0 [3mevent_window[0m[2m=[0m14680068 [3mbutton[0m[2m=[0m1 [3mmodifiers[0m[2m=[0m(empty) [3mroot_x[0m[2m=[0m287 [3mroot_y[0m[2m=[0m298
[2m2026-04-07T02:03:24.508644Z[0m [32m INFO[0m Window focused [3mwindow_id[0m[2m=[0mWindowId(14680068)
[2m2026-04-07T02:03:24.508659Z[0m [32m INFO[0m Window raised to top [3mwindow_id[0m[2m=[0mWindowId(14680068)
[2m2026-04-07T02:03:33.768232Z[0m [33m WARN[0m Failed to unmanage window [3mwindow_id[0m[2m=[0mWindowId(16777216) [3merror[0m[2m=[0mWindow WindowId(16777216) not found
[2m2026-04-07T02:03:33.769098Z[0m [33m WARN[0m Failed to unmanage window [3mwindow_id[0m[2m=[0mWindowId(20971520) [3merror[0m[2m=[0mWindow WindowId(20971520) not found
[2m2026-04-07T02:03:33.769215Z[0m [33m WARN[0m Failed to unmanage window [3mwindow_id[0m[2m=[0mWindowId(18874368) [3merror[0m[2m=[0mWindow WindowId(18874368) not found
[2m2026-04-07T02:03:33.769894Z[0m [33m WARN[0m Failed to unmanage window [3mwindow_id[0m[2m=[0mWindowId(23068672) [3merror[0m[2m=[0mWindow WindowId(23068672) not found
[2m2026-04-07T02:03:33.771914Z[0m [33m WARN[0m Failed to unmanage window [3mwindow_id[0m[2m=[0mWindowId(14680068) [3merror[0m[2m=[0mWindow WindowId(14680068) not found
[2m2026-04-07T02:03:34.160136Z[0m [32m INFO[0m ⌨️ KeyPress received [3mkeycode[0m[2m=[0m64 [3mmodifiers[0m[2m=[0m(empty)
[2m2026-04-07T02:03:37.466444Z[0m [32m INFO[0m ⌨️ KeyPress received [3mkeycode[0m[2m=[0m133 [3mmodifiers[0m[2m=[0m(empty)
[2m2026-04-07T02:03:37.865278Z[0m [32m INFO[0m ⌨️ KeyPress received [3mkeycode[0m[2m=[0m133 [3mmodifiers[0m[2m=[0m(empty)
[2m2026-04-07T02:03:38.505680Z[0m [32m INFO[0m ⌨️ KeyPress received [3mkeycode[0m[2m=[0m133 [3mmodifiers[0m[2m=[0m(empty)
[2m2026-04-07T02:03:38.773932Z[0m [32m INFO[0m ⌨️ KeyPress received [3mkeycode[0m[2m=[0m133 [3mmodifiers[0m[2m=[0m(empty)
[2m2026-04-07T02:03:38.991278Z[0m [32m INFO[0m ⌨️ KeyPress received [3mkeycode[0m[2m=[0m133 [3mmodifiers[0m[2m=[0m(empty)
[2m2026-04-07T02:03:39.214083Z[0m [32m INFO[0m ⌨️ KeyPress received [3mkeycode[0m[2m=[0m133 [3mmodifiers[0m[2m=[0m(empty)
[2m2026-04-07T02:03:39.438798Z[0m [32m INFO[0m ⌨️ KeyPress received [3mkeycode[0m[2m=[0m133 [3mmodifiers[0m[2m=[0m(empty)
[2m2026-04-07T02:03:39.650603Z[0m [32m INFO[0m ⌨️ KeyPress received [3mkeycode[0m[2m=[0m133 [3mmodifiers[0m[2m=[0m(empty)
[2m2026-04-07T02:03:41.662769Z[0m [32m INFO[0m MapRequest received [3mwindow_id[0m[2m=[0mWindowId(4194308)
[2m2026-04-07T02:03:41.662844Z[0m [32m INFO[0m Window managed successfully [3mwindow_id[0m[2m=[0mWindowId(4194308) [3mgeometry[0m[2m=[0mRectangle { position: Position { x: 140, y: 60 }, size: Size { width: 800, height: 600 } }
[2m2026-04-07T02:03:42.508908Z[0m [32m INFO[0m 🖱️ ButtonPress received [3mchild[0m[2m=[0m0 [3mevent_window[0m[2m=[0m4194308 [3mbutton[0m[2m=[0m1 [3mmodifiers[0m[2m=[0m(empty) [3mroot_x[0m[2m=[0m225 [3mroot_y[0m[2m=[0m417
[2m2026-04-07T02:03:42.508963Z[0m [32m INFO[0m Window focused [3mwindow_id[0m[2m=[0mWindowId(4194308)
[2m2026-04-07T02:03:42.508974Z[0m [32m INFO[0m Window raised to top [3mwindow_id[0m[2m=[0mWindowId(4194308)
[2m2026-04-07T02:03:43.102708Z[0m [32m INFO[0m 🖱️ ButtonPress received [3mchild[0m[2m=[0m0 [3mevent_window[0m[2m=[0m544 [3mbutton[0m[2m=[0m1 [3mmodifiers[0m[2m=[0m(empty) [3mroot_x[0m[2m=[0m48 [3mroot_y[0m[2m=[0m435
[2m2026-04-07T02:03:47.028146Z[0m [32m INFO[0m 🖱️ ButtonPress received [3mchild[0m[2m=[0m0 [3mevent_window[0m[2m=[0m544 [3mbutton[0m[2m=[0m1 [3mmodifiers[0m[2m=[0m(empty) [3mroot_x[0m[2m=[0m72 [3mroot_y[0m[2m=[0m359
[2m2026-04-07T02:03:48.317557Z[0m [32m INFO[0m 🖱️ ButtonPress received [3mchild[0m[2m=[0m0 [3mevent_window[0m[2m=[0m4194308 [3mbutton[0m[2m=[0m1 [3mmodifiers[0m[2m=[0m(empty) [3mroot_x[0m[2m=[0m302 [3mroot_y[0m[2m=[0m359
[2m2026-04-07T02:03:48.318735Z[0m [32m INFO[0m Window focused [3mwindow_id[0m[2m=[0mWindowId(4194308)
[2m2026-04-07T02:03:48.318915Z[0m [32m INFO[0m Window raised to top [3mwindow_id[0m[2m=[0mWindowId(4194308)
[2m2026-04-07T02:04:01.480428Z[0m [32m INFO[0m 🖱️ ButtonPress received [3mchild[0m[2m=[0m0 [3mevent_window[0m[2m=[0m544 [3mbutton[0m[2m=[0m1 [3mmodifiers[0m[2m=[0m(empty) [3mroot_x[0m[2m=[0m68 [3mroot_y[0m[2m=[0m396
[2m2026-04-07T02:04:04.002753Z[0m [32m INFO[0m 🖱️ ButtonPress received [3mchild[0m[2m=[0m0 [3mevent_window[0m[2m=[0m544 [3mbutton[0m[2m=[0m1 [3mmodifiers[0m[2m=[0m(empty) [3mroot_x[0m[2m=[0m68 [3mroot_y[0m[2m=[0m396
[2m2026-04-07T02:04:05.069572Z[0m [32m INFO[0m 🖱️ ButtonPress received [3mchild[0m[2m=[0m0 [3mevent_window[0m[2m=[0m544 [3mbutton[0m[2m=[0m1 [3mmodifiers[0m[2m=[0m(empty) [3mroot_x[0m[2m=[0m68 [3mroot_y[0m[2m=[0m396
[2m2026-04-07T02:04:06.150759Z[0m [32m INFO[0m 🖱️ ButtonPress received [3mchild[0m[2m=[0m0 [3mevent_window[0m[2m=[0m544 [3mbutton[0m[2m=[0m1 [3mmodifiers[0m[2m=[0m(empty) [3mroot_x[0m[2m=[0m68 [3mroot_y[0m[2m=[0m396
[2m2026-04-07T02:04:06.396989Z[0m [32m INFO[0m 🖱️ ButtonPress received [3mchild[0m[2m=[0m0 [3mevent_window[0m[2m=[0m544 [3mbutton[0m[2m=[0m1 [3mmodifiers[0m[2m=[0m(empty) [3mroot_x[0m[2m=[0m68 [3mroot_y[0m[2m=[0m396
[2m2026-04-07T02:04:06.674670Z[0m [32m INFO[0m 🖱️ ButtonPress received [3mchild[0m[2m=[0m0 [3mevent_window[0m[2m=[0m544 [3mbutton[0m[2m=[0m1 [3mmodifiers[0m[2m=[0m(empty) [3mroot_x[0m[2m=[0m68 [3mroot_y[0m[2m=[0m396
[2m2026-04-07T02:04:10.745424Z[0m [33m WARN[0m Failed to unmanage window [3mwindow_id[0m[2m=[0mWindowId(6291456) [3merror[0m[2m=[0mWindow WindowId(6291456) not found
[2m2026-04-07T02:04:10.746222Z[0m [33m WARN[0m Failed to unmanage window [3mwindow_id[0m[2m=[0mWindowId(10485760) [3merror[0m[2m=[0mWindow WindowId(10485760) not found
[2m2026-04-07T02:04:10.747986Z[0m [33m WARN[0m Failed to unmanage window [3mwindow_id[0m[2m=[0mWindowId(8388608) [3merror[0m[2m=[0mWindow WindowId(8388608) not found
[2m2026-04-07T02:04:10.748011Z[0m [33m WARN[0m Failed to unmanage window [3mwindow_id[0m[2m=[0mWindowId(12582912) [3merror[0m[2m=[0mWindow WindowId(12582912) not found
[2m2026-04-07T02:04:10.748030Z[0m [33m WARN[0m Failed to unmanage window [3mwindow_id[0m[2m=[0mWindowId(4194308) [3merror[0m[2m=[0mWindow WindowId(4194308) not found
[2m2026-04-07T02:04:11.443722Z[0m [32m INFO[0m ⌨️ KeyPress received [3mkeycode[0m[2m=[0m64 [3mmodifiers[0m[2m=[0m(empty)
[2m2026-04-07T02:04:19.361846Z[0m [32m INFO[0m 🖱️ ButtonPress received [3mchild[0m[2m=[0m0 [3mevent_window[0m[2m=[0m544 [3mbutton[0m[2m=[0m1 [3mmodifiers[0m[2m=[0m(empty) [3mroot_x[0m[2m=[0m604 [3mroot_y[0m[2m=[0m177
[2m2026-04-07T02:04:23.432632Z[0m [32m INFO[0m MapRequest received [3mwindow_id[0m[2m=[0mWindowId(4194316)
[2m2026-04-07T02:04:23.433197Z[0m [32m INFO[0m Window managed successfully [3mwindow_id[0m[2m=[0mWindowId(4194316) [3mgeometry[0m[2m=[0mRectangle { position: Position { x: 140, y: 60 }, size: Size { width: 800, height: 600 } }
[2m2026-04-07T02:04:23.488166Z[0m [32m INFO[0m 🖱️ ButtonPress received [3mchild[0m[2m=[0m4194331 [3mevent_window[0m[2m=[0m4194316 [3mbutton[0m[2m=[0m1 [3mmodifiers[0m[2m=[0m(empty) [3mroot_x[0m[2m=[0m263 [3mroot_y[0m[2m=[0m370
[2m2026-04-07T02:04:23.488224Z[0m [32m INFO[0m Window focused [3mwindow_id[0m[2m=[0mWindowId(4194316)
[2m2026-04-07T02:04:23.488237Z[0m [32m INFO[0m Window raised to top [3mwindow_id[0m[2m=[0mWindowId(4194316)
[2m2026-04-07T02:04:24.454459Z[0m [32m INFO[0m 🖱️ ButtonPress received [3mchild[0m[2m=[0m0 [3mevent_window[0m[2m=[0m544 [3mbutton[0m[2m=[0m1 [3mmodifiers[0m[2m=[0m(empty) [3mroot_x[0m[2m=[0m123 [3mroot_y[0m[2m=[0m275
[2m2026-04-07T02:04:27.539341Z[0m [32m INFO[0m MapRequest received [3mwindow_id[0m[2m=[0mWindowId(6291468)
[2m2026-04-07T02:04:27.539583Z[0m [32m INFO[0m Window managed successfully [3mwindow_id[0m[2m=[0mWindowId(6291468) [3mgeometry[0m[2m=[0mRectangle { position: Position { x: 0, y: 0 }, size: Size { width: 800, height: 600 } }
[2m2026-04-07T02:04:28.576212Z[0m [32m INFO[0m 🖱️ ButtonPress received [3mchild[0m[2m=[0m4194331 [3mevent_window[0m[2m=[0m4194316 [3mbutton[0m[2m=[0m1 [3mmodifiers[0m[2m=[0m(empty) [3mroot_x[0m[2m=[0m252 [3mroot_y[0m[2m=[0m247
[2m2026-04-07T02:04:28.576694Z[0m [32m INFO[0m Window focused [3mwindow_id[0m[2m=[0mWindowId(4194316)
[2m2026-04-07T02:04:28.576712Z[0m [32m INFO[0m Window raised to top [3mwindow_id[0m[2m=[0mWindowId(4194316)
[2m2026-04-07T02:04:30.860086Z[0m [32m INFO[0m ⌨️ KeyPress received [3mkeycode[0m[2m=[0m24 [3mmodifiers[0m[2m=[0mMOD4
[2m2026-04-07T02:04:30.860978Z[0m [32m INFO[0m Hotkey triggered [3maction[0m[2m=[0mCloseWindow
[2m2026-04-07T02:04:30.861006Z[0m [32m INFO[0m Sent WM_DELETE_WINDOW [3mwindow_id[0m[2m=[0mWindowId(4194316)
[2m2026-04-07T02:04:30.892597Z[0m [33m WARN[0m Failed to unmanage window [3mwindow_id[0m[2m=[0mWindowId(4194316) [3merror[0m[2m=[0mWindow WindowId(4194316) not found
[2m2026-04-07T02:04:34.574614Z[0m [32m INFO[0m ⌨️ KeyPress received [3mkeycode[0m[2m=[0m41 [3mmodifiers[0m[2m=[0mMOD4
[2m2026-04-07T02:04:34.574659Z[0m [32m INFO[0m Hotkey triggered [3maction[0m[2m=[0mToggleMaximize
[2m2026-04-07T02:04:35.103173Z[0m [32m INFO[0m ⌨️ KeyPress received [3mkeycode[0m[2m=[0m41 [3mmodifiers[0m[2m=[0mMOD4
[2m2026-04-07T02:04:35.103238Z[0m [32m INFO[0m Hotkey triggered [3maction[0m[2m=[0mToggleMaximize
[2m2026-04-07T02:04:35.608301Z[0m [32m INFO[0m ⌨️ KeyPress received [3mkeycode[0m[2m=[0m41 [3mmodifiers[0m[2m=[0mMOD4
[2m2026-04-07T02:04:35.608546Z[0m [32m INFO[0m Hotkey triggered [3maction[0m[2m=[0mToggleMaximize
[2m2026-04-07T02:04:35.927384Z[0m [32m INFO[0m ⌨️ KeyPress received [3mkeycode[0m[2m=[0m41 [3mmodifiers[0m[2m=[0mMOD4
[2m2026-04-07T02:04:35.927447Z[0m [32m INFO[0m Hotkey triggered [3maction[0m[2m=[0mToggleMaximize
[2m2026-04-07T02:04:36.312391Z[0m [32m INFO[0m ⌨️ KeyPress received [3mkeycode[0m[2m=[0m41 [3mmodifiers[0m[2m=[0mMOD4
[2m2026-04-07T02:04:36.312422Z[0m [32m INFO[0m Hotkey triggered [3maction[0m[2m=[0mToggleMaximize
[2m2026-04-07T02:04:37.150378Z[0m [32m INFO[0m ⌨️ KeyPress received [3mkeycode[0m[2m=[0m41 [3mmodifiers[0m[2m=[0mMOD4
[2m2026-04-07T02:04:37.150419Z[0m [32m INFO[0m Hotkey triggered [3maction[0m[2m=[0mToggleMaximize
[2m2026-04-07T02:06:00.622789Z[0m [32m INFO[0m 🖱️ ButtonPress received [3mchild[0m[2m=[0m6291483 [3mevent_window[0m[2m=[0m6291468 [3mbutton[0m[2m=[0m1 [3mmodifiers[0m[2m=[0m(empty) [3mroot_x[0m[2m=[0m86 [3mroot_y[0m[2m=[0m332
[2m2026-04-07T02:06:00.624218Z[0m [32m INFO[0m Window focused [3mwindow_id[0m[2m=[0mWindowId(6291468)
[2m2026-04-07T02:06:00.624903Z[0m [32m INFO[0m Window raised to top [3mwindow_id[0m[2m=[0mWindowId(6291468)
[2m2026-04-07T02:06:05.463698Z[0m [33m WARN[0m Failed to unmanage window [3mwindow_id[0m[2m=[0mWindowId(6291468) [3merror[0m[2m=[0mWindow WindowId(6291468) not found
[2m2026-04-07T02:06:08.689841Z[0m [32m INFO[0m ⌨️ KeyPress received [3mkeycode[0m[2m=[0m111 [3mmodifiers[0m[2m=[0m(empty)
[2m2026-04-07T02:06:13.523761Z[0m [32m INFO[0m 🖱️ ButtonPress received [3mchild[0m[2m=[0m0 [3mevent_window[0m[2m=[0m544 [3mbutton[0m[2m=[0m1 [3mmodifiers[0m[2m=[0m(empty) [3mroot_x[0m[2m=[0m190 [3mroot_y[0m[2m=[0m186
[2m2026-04-07T02:06:16.729956Z[0m [32m INFO[0m MapRequest received [3mwindow_id[0m[2m=[0mWindowId(4194316)
[2m2026-04-07T02:06:16.730021Z[0m [32m INFO[0m Window managed successfully [3mwindow_id[0m[2m=[0mWindowId(4194316) [3mgeometry[0m[2m=[0mRectangle { position: Position { x: 140, y: 60 }, size: Size { width: 800, height: 600 } }
[2m2026-04-07T02:06:17.574197Z[0m [32m INFO[0m MapRequest received [3mwindow_id[0m[2m=[0mWindowId(6291468)
[2m2026-04-07T02:06:17.574273Z[0m [32m INFO[0m Window managed successfully [3mwindow_id[0m[2m=[0mWindowId(6291468) [3mgeometry[0m[2m=[0mRectangle { position: Position { x: 0, y: 0 }, size: Size { width: 800, height: 600 } }
[2m2026-04-07T02:06:20.336741Z[0m [32m INFO[0m ⌨️ KeyPress received [3mkeycode[0m[2m=[0m41 [3mmodifiers[0m[2m=[0mMOD4
[2m2026-04-07T02:06:20.336773Z[0m [32m INFO[0m Hotkey triggered [3maction[0m[2m=[0mToggleMaximize
[2m2026-04-07T02:06:21.952009Z[0m [32m INFO[0m ⌨️ KeyPress received [3mkeycode[0m[2m=[0m41 [3mmodifiers[0m[2m=[0mMOD4
[2m2026-04-07T02:06:21.952041Z[0m [32m INFO[0m Hotkey triggered [3maction[0m[2m=[0mToggleMaximize
[2m2026-04-07T02:06:22.387524Z[0m [32m INFO[0m ⌨️ KeyPress received [3mkeycode[0m[2m=[0m41 [3mmodifiers[0m[2m=[0mMOD4
[2m2026-04-07T02:06:22.387566Z[0m [32m INFO[0m Hotkey triggered [3maction[0m[2m=[0mToggleMaximize
[2m2026-04-07T02:06:23.247600Z[0m [32m INFO[0m ⌨️ KeyPress received [3mkeycode[0m[2m=[0m41 [3mmodifiers[0m[2m=[0mMOD4
[2m2026-04-07T02:06:23.248950Z[0m [32m INFO[0m Hotkey triggered [3maction[0m[2m=[0mToggleMaximize
[2m2026-04-07T02:06:23.593832Z[0m [32m INFO[0m ⌨️ KeyPress received [3mkeycode[0m[2m=[0m41 [3mmodifiers[0m[2m=[0mMOD4
[2m2026-04-07T02:06:23.593981Z[0m [32m INFO[0m Hotkey triggered [3maction[0m[2m=[0mToggleMaximize
[2m2026-04-07T02:06:23.990593Z[0m [32m INFO[0m ⌨️ KeyPress received [3mkeycode[0m[2m=[0m41 [3mmodifiers[0m[2m=[0mMOD4
[2m2026-04-07T02:06:23.991100Z[0m [32m INFO[0m Hotkey triggered [3maction[0m[2m=[0mToggleMaximize
[2m2026-04-07T02:06:24.359590Z[0m [32m INFO[0m ⌨️ KeyPress received [3mkeycode[0m[2m=[0m41 [3mmodifiers[0m[2m=[0mMOD4
[2m2026-04-07T02:06:24.359633Z[0m [32m INFO[0m Hotkey triggered [3maction[0m[2m=[0mToggleMaximize
[2m2026-04-07T02:06:26.006556Z[0m [32m INFO[0m ⌨️ KeyPress received [3mkeycode[0m[2m=[0m41 [3mmodifiers[0m[2m=[0mMOD4
[2m2026-04-07T02:06:26.006588Z[0m [32m INFO[0m Hotkey triggered [3maction[0m[2m=[0mToggleMaximize
[2m2026-04-07T02:06:29.332277Z[0m [32m INFO[0m ⌨️ KeyPress received [3mkeycode[0m[2m=[0m41 [3mmodifiers[0m[2m=[0mMOD4
[2m2026-04-07T02:06:29.332308Z[0m [32m INFO[0m Hotkey triggered [3maction[0m[2m=[0mToggleMaximize
[2m2026-04-07T02:06:29.637777Z[0m [32m INFO[0m ⌨️ KeyPress received [3mkeycode[0m[2m=[0m41 [3mmodifiers[0m[2m=[0mMOD4
[2m2026-04-07T02:06:29.637819Z[0m [32m INFO[0m Hotkey triggered [3maction[0m[2m=[0mToggleMaximize
[2m2026-04-07T02:06:30.529915Z[0m [32m INFO[0m ⌨️ KeyPress received [3mkeycode[0m[2m=[0m41 [3mmodifiers[0m[2m=[0mMOD4
[2m2026-04-07T02:06:30.529947Z[0m [32m INFO[0m Hotkey triggered [3maction[0m[2m=[0mToggleMaximize
[2m2026-04-07T02:06:30.916465Z[0m [32m INFO[0m ⌨️ KeyPress received [3mkeycode[0m[2m=[0m41 [3mmodifiers[0m[2m=[0mMOD4
[2m2026-04-07T02:06:30.916674Z[0m [32m INFO[0m Hotkey triggered [3maction[0m[2m=[0mToggleMaximize
[2m2026-04-07T02:06:31.358538Z[0m [32m INFO[0m 🖱️ ButtonPress received [3mchild[0m[2m=[0m4194331 [3mevent_window[0m[2m=[0m4194316 [3mbutton[0m[2m=[0m1 [3mmodifiers[0m[2m=[0m(empty) [3mroot_x[0m[2m=[0m928 [3mroot_y[0m[2m=[0m220
[2m2026-04-07T02:06:31.359104Z[0m [32m INFO[0m Window focused [3mwindow_id[0m[2m=[0mWindowId(4194316)
[2m2026-04-07T02:06:31.359120Z[0m [32m INFO[0m Window raised to top [3mwindow_id[0m[2m=[0mWindowId(4194316)
[2m2026-04-07T02:06:32.617654Z[0m [32m INFO[0m ⌨️ KeyPress received [3mkeycode[0m[2m=[0m41 [3mmodifiers[0m[2m=[0mMOD4
[2m2026-04-07T02:06:32.617697Z[0m [32m INFO[0m Hotkey triggered [3maction[0m[2m=[0mToggleMaximize
[2m2026-04-07T02:06:32.617727Z[0m [31mERROR[0m Failed to toggle maximize [3mwindow_id[0m[2m=[0mWindowId(4194316) [3merror[0m[2m=[0mFeature not implemented: toggle_maximize
[2m2026-04-07T02:06:32.889774Z[0m [32m INFO[0m ⌨️ KeyPress received [3mkeycode[0m[2m=[0m41 [3mmodifiers[0m[2m=[0mMOD4
[2m2026-04-07T02:06:32.890217Z[0m [32m INFO[0m Hotkey triggered [3maction[0m[2m=[0mToggleMaximize
[2m2026-04-07T02:06:32.890500Z[0m [31mERROR[0m Failed to toggle maximize [3mwindow_id[0m[2m=[0mWindowId(4194316) [3merror[0m[2m=[0mFeature not implemented: toggle_maximize
[2m2026-04-07T02:06:33.169158Z[0m [32m INFO[0m ⌨️ KeyPress received [3mkeycode[0m[2m=[0m41 [3mmodifiers[0m[2m=[0mMOD4
[2m2026-04-07T02:06:33.169655Z[0m [32m INFO[0m Hotkey triggered [3maction[0m[2m=[0mToggleMaximize
[2m2026-04-07T02:06:33.169674Z[0m [31mERROR[0m Failed to toggle maximize [3mwindow_id[0m[2m=[0mWindowId(4194316) [3merror[0m[2m=[0mFeature not implemented: toggle_maximize
[2m2026-04-07T02:06:33.873434Z[0m [32m INFO[0m ⌨️ KeyPress received [3mkeycode[0m[2m=[0m41 [3mmodifiers[0m[2m=[0mMOD4
[2m2026-04-07T02:06:33.873736Z[0m [32m INFO[0m Hotkey triggered [3maction[0m[2m=[0mToggleMaximize
[2m2026-04-07T02:06:33.873799Z[0m [31mERROR[0m Failed to toggle maximize [3mwindow_id[0m[2m=[0mWindowId(4194316) [3merror[0m[2m=[0mFeature not implemented: toggle_maximize
[2m2026-04-07T02:06:34.121380Z[0m [32m INFO[0m ⌨️ KeyPress received [3mkeycode[0m[2m=[0m41 [3mmodifiers[0m[2m=[0mMOD4
[2m2026-04-07T02:06:34.121733Z[0m [32m INFO[0m Hotkey triggered [3maction[0m[2m=[0mToggleMaximize
[2m2026-04-07T02:06:34.121751Z[0m [31mERROR[0m Failed to toggle maximize [3mwindow_id[0m[2m=[0mWindowId(4194316) [3merror[0m[2m=[0mFeature not implemented: toggle_maximize
[2m2026-04-07T02:06:35.131426Z[0m [32m INFO[0m ⌨️ KeyPress received [3mkeycode[0m[2m=[0m41 [3mmodifiers[0m[2m=[0mMOD4
[2m2026-04-07T02:06:35.131725Z[0m [32m INFO[0m Hotkey triggered [3maction[0m[2m=[0mToggleMaximize
[2m2026-04-07T02:06:35.131747Z[0m [31mERROR[0m Failed to toggle maximize [3mwindow_id[0m[2m=[0mWindowId(4194316) [3merror[0m[2m=[0mFeature not implemented: toggle_maximize
[2m2026-04-07T02:06:35.440421Z[0m [32m INFO[0m ⌨️ KeyPress received [3mkeycode[0m[2m=[0m41 [3mmodifiers[0m[2m=[0mMOD4
[2m2026-04-07T02:06:35.440656Z[0m [32m INFO[0m Hotkey triggered [3maction[0m[2m=[0mToggleMaximize
[2m2026-04-07T02:06:35.440673Z[0m [31mERROR[0m Failed to toggle maximize [3mwindow_id[0m[2m=[0mWindowId(4194316) [3merror[0m[2m=[0mFeature not implemented: toggle_maximize
[2m2026-04-07T02:06:36.494242Z[0m [32m INFO[0m 🖱️ ButtonPress received [3mchild[0m[2m=[0m6291483 [3mevent_window[0m[2m=[0m6291468 [3mbutton[0m[2m=[0m1 [3mmodifiers[0m[2m=[0m(empty) [3mroot_x[0m[2m=[0m85 [3mroot_y[0m[2m=[0m348
[2m2026-04-07T02:06:36.494390Z[0m [32m INFO[0m Window focused [3mwindow_id[0m[2m=[0mWindowId(6291468)
[2m2026-04-07T02:06:36.494403Z[0m [32m INFO[0m Window raised to top [3mwindow_id[0m[2m=[0mWindowId(6291468)
[2m2026-04-07T02:06:36.783099Z[0m [32m INFO[0m ⌨️ KeyPress received [3mkeycode[0m[2m=[0m41 [3mmodifiers[0m[2m=[0mMOD4
[2m2026-04-07T02:06:36.783749Z[0m [32m INFO[0m Hotkey triggered [3maction[0m[2m=[0mToggleMaximize
[2m2026-04-07T02:06:36.783779Z[0m [31mERROR[0m Failed to toggle maximize [3mwindow_id[0m[2m=[0mWindowId(6291468) [3merror[0m[2m=[0mFeature not implemented: toggle_maximize
[2m2026-04-07T02:06:37.092600Z[0m [32m INFO[0m ⌨️ KeyPress received [3mkeycode[0m[2m=[0m41 [3mmodifiers[0m[2m=[0mMOD4
[2m2026-04-07T02:06:37.093276Z[0m [32m INFO[0m Hotkey triggered [3maction[0m[2m=[0mToggleMaximize
[2m2026-04-07T02:06:37.093304Z[0m [31mERROR[0m Failed to toggle maximize [3mwindow_id[0m[2m=[0mWindowId(6291468) [3merror[0m[2m=[0mFeature not implemented: toggle_maximize
[2m2026-04-07T02:06:37.328694Z[0m [32m INFO[0m ⌨️ KeyPress received [3mkeycode[0m[2m=[0m41 [3mmodifiers[0m[2m=[0mMOD4
[2m2026-04-07T02:06:37.329334Z[0m [32m INFO[0m Hotkey triggered [3maction[0m[2m=[0mToggleMaximize
[2m2026-04-07T02:06:37.329353Z[0m [31mERROR[0m Failed to toggle maximize [3mwindow_id[0m[2m=[0mWindowId(6291468) [3merror[0m[2m=[0mFeature not implemented: toggle_maximize
[2m2026-04-07T02:06:37.570672Z[0m [32m INFO[0m ⌨️ KeyPress received [3mkeycode[0m[2m=[0m41 [3mmodifiers[0m[2m=[0mMOD4
[2m2026-04-07T02:06:37.570907Z[0m [32m INFO[0m Hotkey triggered [3maction[0m[2m=[0mToggleMaximize
[2m2026-04-07T02:06:37.570933Z[0m [31mERROR[0m Failed to toggle maximize [3mwindow_id[0m[2m=[0mWindowId(6291468) [3merror[0m[2m=[0mFeature not implemented: toggle_maximize
[2m2026-04-07T02:06:42.099488Z[0m [32m INFO[0m 🖱️ ButtonPress received [3mchild[0m[2m=[0m4194331 [3mevent_window[0m[2m=[0m4194316 [3mbutton[0m[2m=[0m1 [3mmodifiers[0m[2m=[0m(empty) [3mroot_x[0m[2m=[0m841 [3mroot_y[0m[2m=[0m241
[2m2026-04-07T02:06:42.099545Z[0m [32m INFO[0m Window focused [3mwindow_id[0m[2m=[0mWindowId(4194316)
[2m2026-04-07T02:06:42.099556Z[0m [32m INFO[0m Window raised to top [3mwindow_id[0m[2m=[0mWindowId(4194316)
[2m2026-04-07T02:06:47.179796Z[0m [32m INFO[0m 🖱️ ButtonPress received [3mchild[0m[2m=[0m6291483 [3mevent_window[0m[2m=[0m6291468 [3mbutton[0m[2m=[0m1 [3mmodifiers[0m[2m=[0m(empty) [3mroot_x[0m[2m=[0m21 [3mroot_y[0m[2m=[0m291
[2m2026-04-07T02:06:47.180262Z[0m [32m INFO[0m Window focused [3mwindow_id[0m[2m=[0mWindowId(6291468)
[2m2026-04-07T02:06:47.180279Z[0m [32m INFO[0m Window raised to top [3mwindow_id[0m[2m=[0mWindowId(6291468)
[2m2026-04-07T02:06:52.194273Z[0m [32m INFO[0m 🖱️ ButtonPress received [3mchild[0m[2m=[0m4194331 [3mevent_window[0m[2m=[0m4194316 [3mbutton[0m[2m=[0m1 [3mmodifiers[0m[2m=[0m(empty) [3mroot_x[0m[2m=[0m910 [3mroot_y[0m[2m=[0m73
[2m2026-04-07T02:06:52.194328Z[0m [32m INFO[0m Window focused [3mwindow_id[0m[2m=[0mWindowId(4194316)
[2m2026-04-07T02:06:52.194340Z[0m [32m INFO[0m Window raised to top [3mwindow_id[0m[2m=[0mWindowId(4194316)
[2m2026-04-07T02:06:52.945981Z[0m [32m INFO[0m 🖱️ ButtonPress received [3mchild[0m[2m=[0m0 [3mevent_window[0m[2m=[0m544 [3mbutton[0m[2m=[0m1 [3mmodifiers[0m[2m=[0m(empty) [3mroot_x[0m[2m=[0m983 [3mroot_y[0m[2m=[0m59
[2m2026-04-07T02:06:53.430834Z[0m [32m INFO[0m 🖱️ ButtonPress received [3mchild[0m[2m=[0m0 [3mevent_window[0m[2m=[0m544 [3mbutton[0m[2m=[0m1 [3mmodifiers[0m[2m=[0m(empty) [3mroot_x[0m[2m=[0m983 [3mroot_y[0m[2m=[0m59
[2m2026-04-07T02:06:54.870528Z[0m [32m INFO[0m 🖱️ ButtonPress received [3mchild[0m[2m=[0m4194331 [3mevent_window[0m[2m=[0m4194316 [3mbutton[0m[2m=[0m1 [3mmodifiers[0m[2m=[0m(empty) [3mroot_x[0m[2m=[0m856 [3mroot_y[0m[2m=[0m148
[2m2026-04-07T02:06:54.871922Z[0m [32m INFO[0m Window focused [3mwindow_id[0m[2m=[0mWindowId(4194316)
[2m2026-04-07T02:06:54.871940Z[0m [32m INFO[0m Window raised to top [3mwindow_id[0m[2m=[0mWindowId(4194316)
[2m2026-04-07T02:06:55.768460Z[0m [32m INFO[0m 🖱️ ButtonPress received [3mchild[0m[2m=[0m4194331 [3mevent_window[0m[2m=[0m4194316 [3mbutton[0m[2m=[0m1 [3mmodifiers[0m[2m=[0mSHIFT [3mroot_x[0m[2m=[0m895 [3mroot_y[0m[2m=[0m241
[2m2026-04-07T02:06:55.768534Z[0m [32m INFO[0m Window focused [3mwindow_id[0m[2m=[0mWindowId(4194316)
[2m2026-04-07T02:06:55.768552Z[0m [32m INFO[0m Window raised to top [3mwindow_id[0m[2m=[0mWindowId(4194316)
[2m2026-04-07T02:06:56.956255Z[0m [32m INFO[0m 🖱️ ButtonPress received [3mchild[0m[2m=[0m4194331 [3mevent_window[0m[2m=[0m4194316 [3mbutton[0m[2m=[0m1 [3mmodifiers[0m[2m=[0m(empty) [3mroot_x[0m[2m=[0m884 [3mroot_y[0m[2m=[0m321
[2m2026-04-07T02:06:56.956313Z[0m [32m INFO[0m Window focused [3mwindow_id[0m[2m=[0mWindowId(4194316)
[2m2026-04-07T02:06:56.956324Z[0m [32m INFO[0m Window raised to top [3mwindow_id[0m[2m=[0mWindowId(4194316)
[2m2026-04-07T02:06:57.919171Z[0m [32m INFO[0m 🖱️ ButtonPress received [3mchild[0m[2m=[0m4194331 [3mevent_window[0m[2m=[0m4194316 [3mbutton[0m[2m=[0m1 [3mmodifiers[0m[2m=[0m(empty) [3mroot_x[0m[2m=[0m736 [3mroot_y[0m[2m=[0m235
[2m2026-04-07T02:06:57.919518Z[0m [32m INFO[0m Window focused [3mwindow_id[0m[2m=[0mWindowId(4194316)
[2m2026-04-07T02:06:57.920061Z[0m [32m INFO[0m Window raised to top [3mwindow_id[0m[2m=[0mWindowId(4194316)
[2m2026-04-07T02:06:58.938115Z[0m [32m INFO[0m 🖱️ ButtonPress received [3mchild[0m[2m=[0m4194331 [3mevent_window[0m[2m=[0m4194316 [3mbutton[0m[2m=[0m1 [3mmodifiers[0m[2m=[0m(empty) [3mroot_x[0m[2m=[0m566 [3mroot_y[0m[2m=[0m181
[2m2026-04-07T02:06:58.938354Z[0m [32m INFO[0m Window focused [3mwindow_id[0m[2m=[0mWindowId(4194316)
[2m2026-04-07T02:06:58.938369Z[0m [32m INFO[0m Window raised to top [3mwindow_id[0m[2m=[0mWindowId(4194316)
[2m2026-04-07T02:06:59.626631Z[0m [32m INFO[0m 🖱️ ButtonPress received [3mchild[0m[2m=[0m4194331 [3mevent_window[0m[2m=[0m4194316 [3mbutton[0m[2m=[0m1 [3mmodifiers[0m[2m=[0m(empty) [3mroot_x[0m[2m=[0m633 [3mroot_y[0m[2m=[0m222
[2m2026-04-07T02:06:59.627953Z[0m [32m INFO[0m Window focused [3mwindow_id[0m[2m=[0mWindowId(4194316)
[2m2026-04-07T02:06:59.630356Z[0m [32m INFO[0m Window raised to top [3mwindow_id[0m[2m=[0mWindowId(4194316)
[2m2026-04-07T02:07:02.534173Z[0m [32m INFO[0m 🖱️ ButtonPress received [3mchild[0m[2m=[0m4194331 [3mevent_window[0m[2m=[0m4194316 [3mbutton[0m[2m=[0m1 [3mmodifiers[0m[2m=[0mMOD4 [3mroot_x[0m[2m=[0m410 [3mroot_y[0m[2m=[0m211
[2m2026-04-07T02:07:02.535025Z[0m [32m INFO[0m Started moving window [3mwindow_id[0m[2m=[0mWindowId(4194316)
[2m2026-04-07T02:07:23.555955Z[0m [32m INFO[0m ⌨️ KeyPress received [3mkeycode[0m[2m=[0m24 [3mmodifiers[0m[2m=[0mMOD4 | BUTTON1
[2m2026-04-07T02:07:24.292675Z[0m [32m INFO[0m ⌨️ KeyPress received [3mkeycode[0m[2m=[0m24 [3mmodifiers[0m[2m=[0mMOD4 | BUTTON1
[2m2026-04-07T02:07:24.667211Z[0m [32m INFO[0m ⌨️ KeyPress received [3mkeycode[0m[2m=[0m24 [3mmodifiers[0m[2m=[0mMOD4 | BUTTON1
[2m2026-04-07T02:07:25.677636Z[0m [32m INFO[0m ⌨️ KeyPress received [3mkeycode[0m[2m=[0m24 [3mmodifiers[0m[2m=[0mMOD4 | BUTTON1
[2m2026-04-07T02:07:26.168085Z[0m [32m INFO[0m ⌨️ KeyPress received [3mkeycode[0m[2m=[0m24 [3mmodifiers[0m[2m=[0mMOD4 | BUTTON1
[2m2026-04-07T02:07:26.483306Z[0m [32m INFO[0m ⌨️ KeyPress received [3mkeycode[0m[2m=[0m24 [3mmodifiers[0m[2m=[0mMOD4 | BUTTON1
[2m2026-04-07T02:07:28.072773Z[0m [32m INFO[0m ⌨️ KeyPress received [3mkeycode[0m[2m=[0m24 [3mmodifiers[0m[2m=[0mMOD4 | BUTTON1
[2m2026-04-07T02:07:28.315456Z[0m [32m INFO[0m ⌨️ KeyPress received [3mkeycode[0m[2m=[0m24 [3mmodifiers[0m[2m=[0mMOD4 | BUTTON1
[2m2026-04-07T02:07:29.929462Z[0m [32m INFO[0m ⌨️ KeyPress received [3mkeycode[0m[2m=[0m24 [3mmodifiers[0m[2m=[0mMOD4 | BUTTON1
[2m2026-04-07T02:07:30.281838Z[0m [32m INFO[0m ⌨️ KeyPress received [3mkeycode[0m[2m=[0m24 [3mmodifiers[0m[2m=[0mMOD4 | BUTTON1
[2m2026-04-07T02:07:30.541886Z[0m [32m INFO[0m ⌨️ KeyPress received [3mkeycode[0m[2m=[0m24 [3mmodifiers[0m[2m=[0mMOD4 | BUTTON1
Error: ProtocolError("xcb connection error")
